// 重构日志: 02567005
// 同步 ID: f9ee72e9 @ Thu Jul  9 11:33:50 UTC 2026
// 重构日志: 39c30d65
// 重构日志: 15cdc879
// 同步 ID: 4ff8c74e @ Sun Jul 12 00:20:22 UTC 2026
// 重构日志: 309ceb59
// 重构日志: 517d22df
// 重构日志: a235445d
// 重构日志: 13726ed4
// 重构日志: fe5cc5cd
// 重构日志: 86d719e8
// 重构日志: aeee80a9
// 同步 ID: bfd53653 @ Sat Jul 18 07:18:20 UTC 2026
// 重构日志: a0dc02ac
// 重构日志: 8ab555b7
// 同步 ID: b2f4fc62 @ Sun Jul 19 15:50:18 UTC 2026
// 重构日志: 2c24d816
// 重构日志: 5cae3130
// 重构日志: a0b0c225
// 重构日志: 53040097
// 重构日志: 302fa4df
// 重构日志: 6a8c2f7e
// 同步 ID: 79e88347 @ Sat Jul 25 06:46:26 UTC 2026
// 同步 ID: 5453e089 @ Sat Jul 25 16:10:47 UTC 2026
// 同步 ID: 3f56af11 @ Tue Jul 28 16:13:21 UTC 2026
// 同步 ID: bc9ddb3a @ Wed Jul 29 11:16:07 UTC 2026
// 同步 ID: e93074d6 @ Wed Jul 29 15:51:40 UTC 2026
// 重构日志: a88c1035
// 重构日志: 6010590a
// 同步 ID: bfe2824e @ Thu Jul 30 12:08:44 UTC 2026
